2026-07-27 00:44:19,887 | INFO | User user@gmail.com uploaded 'response_1785080696658.json' (ID: 9) to folder 2
2026-07-27 01:40:13,102 | INFO | User user@gmail.com uploaded 'kittel.pdf' (ID: 10) to folder 4
2026-07-27 12:25:21,335 | INFO | User user@gmail.com uploaded 'requirements.txt' (ID: 11) to folder 2
2026-07-27 13:16:59,841 | INFO | User user@gmail.com uploaded 'preview-9781292077369_A24575761.pdf' (ID: 12) to folder 2
2026-07-29 21:58:04,408 | INFO | User user@gmail.com uploaded 'class 9 study notes.pdf' (ID: 13) to folder 5
2026-07-31 21:02:02,726 | INFO | HTTP Request: POST http://testserver/users/register "HTTP/1.1 200 OK"
2026-07-31 21:02:02,739 | INFO | HTTP Request: GET http://testserver/users/verify-email?token=None "HTTP/1.1 400 Bad Request"
2026-07-31 21:02:03,005 | INFO | HTTP Request: GET http://testserver/users/verify-email?token=invalid-token "HTTP/1.1 400 Bad Request"
2026-07-31 21:02:03,679 | INFO | HTTP Request: POST http://testserver/users/register "HTTP/1.1 200 OK"
2026-07-31 21:02:03,696 | INFO | HTTP Request: GET http://testserver/users/verify-email?token=None "HTTP/1.1 400 Bad Request"
2026-07-31 21:02:04,370 | INFO | HTTP Request: POST http://testserver/users/register "HTTP/1.1 200 OK"
2026-07-31 21:02:04,382 | INFO | HTTP Request: GET http://testserver/users/verify-email?token=None "HTTP/1.1 400 Bad Request"
2026-07-31 21:02:04,392 | INFO | HTTP Request: GET http://testserver/users/verify-email?token=None "HTTP/1.1 400 Bad Request"
2026-07-31 21:02:36,087 | INFO | HTTP Request: POST http://testserver/users/register "HTTP/1.1 200 OK"
2026-07-31 21:02:36,096 | INFO | HTTP Request: GET http://testserver/users/verify-email?token=None "HTTP/1.1 400 Bad Request"
2026-07-31 21:02:36,302 | INFO | HTTP Request: GET http://testserver/users/verify-email?token=invalid-token "HTTP/1.1 400 Bad Request"
2026-07-31 21:02:36,965 | INFO | HTTP Request: POST http://testserver/users/register "HTTP/1.1 200 OK"
2026-07-31 21:02:36,982 | INFO | HTTP Request: GET http://testserver/users/verify-email?token=None "HTTP/1.1 400 Bad Request"
2026-07-31 21:02:37,610 | INFO | HTTP Request: POST http://testserver/users/register "HTTP/1.1 200 OK"
2026-07-31 21:02:37,617 | INFO | HTTP Request: GET http://testserver/users/verify-email?token=None "HTTP/1.1 400 Bad Request"
2026-07-31 21:02:37,623 | INFO | HTTP Request: GET http://testserver/users/verify-email?token=None "HTTP/1.1 400 Bad Request"
2026-07-31 21:05:49,972 | INFO | HTTP Request: POST http://testserver/users/register "HTTP/1.1 200 OK"
2026-07-31 21:05:49,991 | INFO | HTTP Request: GET http://testserver/users/verify-email?token=QU9C_-7wMcy0MoZRZT30nB6bOjA5lRUiHyKxYvSES-o "HTTP/1.1 200 OK"
2026-07-31 21:05:50,174 | INFO | HTTP Request: GET http://testserver/users/verify-email?token=invalid-token "HTTP/1.1 400 Bad Request"
2026-07-31 21:05:50,833 | INFO | HTTP Request: POST http://testserver/users/register "HTTP/1.1 200 OK"
2026-07-31 21:05:50,850 | INFO | HTTP Request: GET http://testserver/users/verify-email?token=Ni4frZhdUc_QmjkEe8kglIjupdigQxFsjcWHPOfs6MI "HTTP/1.1 400 Bad Request"
2026-07-31 21:05:51,656 | INFO | HTTP Request: POST http://testserver/users/register "HTTP/1.1 200 OK"
2026-07-31 21:05:51,669 | INFO | HTTP Request: GET http://testserver/users/verify-email?token=vZzGOfFpFEEiv6vCqXbK8wXCnRuDOfrRjb2hsPY6i10 "HTTP/1.1 200 OK"
2026-07-31 21:05:51,677 | INFO | HTTP Request: GET http://testserver/users/verify-email?token=vZzGOfFpFEEiv6vCqXbK8wXCnRuDOfrRjb2hsPY6i10 "HTTP/1.1 400 Bad Request"
2026-07-31 21:07:51,028 | INFO | HTTP Request: POST http://testserver/users/register "HTTP/1.1 200 OK"
2026-07-31 21:07:51,059 | INFO | HTTP Request: GET http://testserver/users/verify-email?token=H3M_edvRk0rlKGKvGxUa4qYxaHN7mK74rGEUZXC35PA "HTTP/1.1 400 Bad Request"
